/*
 * MechMind Program
 * Author: Kizmit99
 * License: CC BY-NC-SA 4.0
 *
 * This source code is open-source for non-commercial use. 
 * For commercial use, please obtain a license from the author.
 * For more information, visit https://github.com/kizmit99/MechMind
 */

cmdMap["OpenDomeP1"]    = "Dome>:OP01";
cmdMap["CloseDomeP1"]   = "Dome>:CL01";
cmdMap["OpenDomeP2"]    = "Dome>:OP02";
cmdMap["CloseDomeP2"]   = "Dome>:CL02";
cmdMap["OpenDomeP3"]    = "Dome>:OP03";
cmdMap["CloseDomeP3"]   = "Dome>:CL03";
cmdMap["OpenDomeP4"]    = "Dome>:OP04";
cmdMap["CloseDomeP4"]   = "Dome>:CL04";
cmdMap["BeepCantina"]   = "Body>:OP02";
cmdMap["MarchingAnts"]  = "Body>:CL02";
cmdMap["OpenBodyP1"]    = "Body>:OP01";
cmdMap["CloseBodyP1"]   = "Body>:CL01";
cmdMap["HoloMoveOn"]    = "Dome>*RD00";
cmdMap["HoloReset"]     = "Dome>*ST00";
cmdMap["HoloLightsOn"]  = "Dome>*ON00";
cmdMap["HoloLightsOff"] = "Dome>*OF00";
cmdMap["VolumeMax"]     = "HCR>$f";
cmdMap["VolumeMid"]     = "HCR>$m";
cmdMap["CloseDomeAll"]  = "Dome>:CL00";
cmdMap["OpenDomeAll"]   = "Dome>:OP00";

cmdMap["StickDisable"]  = "Brain>StickOff";
cmdMap["StickEnable"]   = "Brain>StickOn";
cmdMap["ToggleSpeed"]   = "Brain>SpeedToggle";
cmdMap["AutoDomeOn"]    = "Brain>AutoDomeOn";
cmdMap["AutoDomeOff"]   = "Brain>AutoDomeOff";
cmdMap["FullAwake"]     = "Dome>:SE11";
cmdMap["QuietMode"]     = "Dome>:SE10";
cmdMap["MidAwake"]      = "Dome>:SE13";
cmdMap["FullAware"]     = "Dome>:SE14";
cmdMap["Scream"]        = "Dome>:SE01";
cmdMap["Disco"]         = "Dome>:SE09";
cmdMap["FastSmirk"]     = "Dome>:SE03";
cmdMap["ShortCircuit"]  = "Dome>:SE06";
cmdMap["VolumeUp"]      = "HCR>$+";
cmdMap["VolumeDown"]    = "HCR>$-";
cmdMap["HolosOn"]       = "Dome>*ON00";
cmdMap["HolosOff"]      = "Dome>*OF00";
cmdMap["CantinaDance"]  = "Dome>:SE07";
cmdMap["LeiaMessage"]   = "Dome>:SE08";
cmdMap["Wave"]          = "Dome>:SE03";
cmdMap["Wave2"]         = "Dome>:SE04";
cmdMap["Custom1"]       = "HCR>$71;Dome>LD=5";
cmdMap["Custom2"]       = "HCR>$82;Dome>LD=1";
cmdMap["Custom3"]       = "HCR>$81;Dome>LD=1";
cmdMap["Custom4"]       = "HCR>$83;Dome>LD=1";
