/*
 * MechMind Program
 * Author: Kizmit99
 * License: CC BY-NC-SA 4.0
 *
 * This source code is open-source for non-commercial use. 
 * For commercial use, please obtain a license from the author.
 * For more information, visit https://github.com/kizmit99/MechMind
 */

triggerMap["LC"]			= "DomePAllToggle";
triggerMap["LD"]			= "HoloLightsTogl";
triggerMap["LL1"]			= "DomeAutoToggle";
triggerMap["RC"]			= "BodyPAllToggle";
triggerMap["RD"]			= "MusingsToggle";
triggerMap["RL1"]			= "Gesture";
triggerMap["RA_Lup"]		= "Happy";
triggerMap["RA_Ldown"]		= "Sad";
triggerMap["RA_Lleft"]		= "Fear";
triggerMap["RA_Lright"]		= "Anger";
triggerMap["RB_Lup"]		= "VolumeUp";
triggerMap["RB_Ldown"]		= "VolumeDown";
triggerMap["RB_Lleft"]		= "VolumeMid";
triggerMap["RB_Lright"]		= "VolumeMax";
triggerMap["LA_Lup"]		= "BodyP1Open";
triggerMap["LA_Ldown"]		= "BodyP1Close";
triggerMap["LA_Lleft"]		= "LeiaShortMsg";
triggerMap["LA_Lright"]		= "MarchingAnts";
triggerMap["LB_Lup"]		= "FullAwake";
triggerMap["LB_Ldown"]		= "QuietMode";
triggerMap["LB_Lleft"]		= "MidAwake";
triggerMap["LB_Lright"]		= "FullAwake+";
triggerMap["Lup"]			= "";
triggerMap["Ldown"]			= "";
triggerMap["Lleft"]			= "";
triggerMap["Lright"]		= "";
triggerMap["LA_RA_Lup"]		= "";
triggerMap["LA_RA_Ldown"]	= "";
triggerMap["LA_RA_Lleft"]	= "";
triggerMap["LA_RA_Lright"]	= "";
triggerMap["LA_RB_Lup"]		= "";
triggerMap["LA_RB_Ldown"]	= "";
triggerMap["LA_RB_Lleft"]	= "";
triggerMap["LA_RB_Lright"]	= "";
triggerMap["LB_RA_Lup"]		= "";
triggerMap["LB_RA_Ldown"]	= "";
triggerMap["LB_RA_Lleft"]	= "";
triggerMap["LB_RA_Lright"]	= "";
triggerMap["LB_RB_Lup"]		= "";
triggerMap["LB_RB_Ldown"]	= "";
triggerMap["LB_RB_Lleft"]	= "";
triggerMap["LB_RB_Lright"]	= "";
triggerMap["LA_Rup"]		= "BeepCantina";
triggerMap["LA_Rdown"]		= "CantinaDance";
triggerMap["LA_Rleft"]		= "LeiaFullMsg";
triggerMap["LA_Rright"]		= "Scream";
triggerMap["LB_Rup"]		= "Disco";
triggerMap["LB_Rdown"]		= "ShortCircuit";
triggerMap["LB_Rleft"]		= "FastSmirk";
triggerMap["LB_Rright"]		= "Wave";
triggerMap["RA_Rup"]		= "DomeP1Open";
triggerMap["RA_Rdown"]		= "DomeP1Close";
triggerMap["RA_Rleft"]		= "DomeP2Open";
triggerMap["RA_Rright"]		= "DomeP2Close";
triggerMap["RB_Rup"]		= "DomeP3Open";
triggerMap["RB_Rdown"]		= "DomeP3Close";
triggerMap["RB_Rleft"]		= "DomeP4Open";
triggerMap["RB_Rright"]		= "DomeP4Close";
triggerMap["Rup"]			= "";
triggerMap["Rdown"]			= "";
triggerMap["Rleft"]			= "";
triggerMap["Rright"]		= "";
triggerMap["RA_LA_Rup"]		= "";
triggerMap["RA_LA_Rdown"]	= "";
triggerMap["RA_LA_Rleft"]	= "";
triggerMap["RA_LA_Rright"]	= "";
triggerMap["RA_LB_Rup"]		= "";
triggerMap["RA_LB_Rdown"]	= "";
triggerMap["RA_LB_Rleft"]	= "";
triggerMap["RA_LB_Rright"]	= "";
triggerMap["RB_LA_Rup"]		= "";
triggerMap["RB_LA_Rdown"]	= "";
triggerMap["RB_LA_Rleft"]	= "";
triggerMap["RB_LA_Rright"]	= "";
triggerMap["RB_LB_Rup"]		= "";
triggerMap["RB_LB_Rdown"]	= "";
triggerMap["RB_LB_Rleft"]	= "";
triggerMap["RB_LB_Rright"]	= "";
